// Jest Snapshot v1, https://goo.gl/fbAQLP

exports[`<Controls /> snapshot 1`] = `
<DocumentFragment>
  <div
    class="controls panel"
  >
    <button
      class="toggle-btn"
      data-testid="lock"
      disabled=""
    >
      Lock Gate
    </button>
    <button
      class="toggle-btn"
      data-testid="gate"
    >
      Close Gate
    </button>
  </div>
</DocumentFragment>
`;
